[2025-01-31 11:02:22,107][INFO] 开始休眠 1800 s
[2025-01-31 11:32:22,225][INFO] 开始休眠 1800 s
[2025-01-31 11:42:30,537][INFO] 开始休眠 1800 s
[2025-01-31 12:02:22,339][INFO] 开始休眠 1800 s
[2025-01-31 12:12:30,655][INFO] 开始休眠 1800 s
[2025-01-31 12:32:22,458][INFO] 开始休眠 1800 s
[2025-01-31 12:42:30,769][INFO] 开始休眠 1800 s
[2025-01-31 13:02:22,573][INFO] 开始休眠 1800 s
[2025-01-31 13:12:30,884][INFO] 开始休眠 1800 s
[2025-01-31 13:32:22,689][INFO] 开始休眠 1800 s
[2025-01-31 13:42:31,005][INFO] 开始休眠 1800 s
[2025-01-31 14:02:22,802][INFO] 开始休眠 1800 s
[2025-01-31 14:12:31,122][INFO] 开始休眠 1800 s
[2025-01-31 14:32:22,917][INFO] 开始休眠 1800 s
[2025-01-31 14:42:31,237][INFO] 开始休眠 1800 s
[2025-01-31 15:02:23,033][INFO] 开始休眠 1800 s
[2025-01-31 15:12:31,358][INFO] 开始休眠 1800 s
[2025-01-31 15:32:23,151][INFO] 开始休眠 1800 s
[2025-01-31 15:42:31,479][INFO] 开始休眠 1800 s
[2025-01-31 16:02:23,271][INFO] 开始休眠 1800 s
[2025-01-31 16:12:31,599][INFO] 开始休眠 1800 s
[2025-01-31 16:32:23,388][INFO] 开始休眠 1800 s
[2025-01-31 16:42:31,714][INFO] 开始休眠 1800 s
[2025-01-31 17:02:23,507][INFO] 开始休眠 1800 s
[2025-01-31 17:12:31,830][INFO] 开始休眠 1800 s
[2025-01-31 17:32:23,628][INFO] 开始休眠 1800 s
[2025-01-31 17:42:31,952][INFO] 开始休眠 1800 s
[2025-01-31 18:02:23,747][INFO] 开始休眠 1800 s
[2025-01-31 18:12:32,072][INFO] 开始休眠 1800 s
[2025-01-31 18:32:23,866][INFO] 开始休眠 1800 s
[2025-01-31 18:42:32,191][INFO] 开始休眠 1800 s
[2025-01-31 19:02:23,984][INFO] 开始休眠 1800 s
[2025-01-31 19:12:32,314][INFO] 开始休眠 1800 s
[2025-01-31 19:32:24,098][INFO] 开始休眠 1800 s
[2025-01-31 19:42:32,431][INFO] 开始休眠 1800 s
[2025-01-31 20:02:24,218][INFO] 开始休眠 1800 s
[2025-01-31 20:12:32,551][INFO] 开始休眠 1800 s
[2025-01-31 20:32:24,337][INFO] 开始休眠 1800 s
[2025-01-31 20:42:32,668][INFO] 开始休眠 1800 s
[2025-01-31 21:02:24,459][INFO] 开始休眠 1800 s
[2025-01-31 21:12:32,785][INFO] 开始休眠 1800 s
[2025-01-31 21:32:24,578][INFO] 开始休眠 1800 s
[2025-01-31 21:42:32,901][INFO] 开始休眠 1800 s
[2025-01-31 22:02:24,693][INFO] 开始休眠 1800 s
[2025-01-31 22:12:33,021][INFO] 开始休眠 1800 s
[2025-01-31 22:32:24,811][INFO] 开始休眠 1800 s
[2025-01-31 22:42:33,138][INFO] 开始休眠 1800 s
[2025-01-31 23:02:24,932][INFO] 开始休眠 1800 s
[2025-01-31 23:12:33,258][INFO] 开始休眠 1800 s
[2025-01-31 23:32:25,047][INFO] 开始休眠 1800 s
[2025-01-31 23:42:33,379][INFO] 开始休眠 1800 s
[2025-02-01 00:02:25,168][INFO] 开始休眠 1800 s
[2025-02-01 00:12:33,494][INFO] 开始休眠 1800 s
[2025-02-01 00:32:25,285][INFO] 开始休眠 1800 s
[2025-02-01 00:42:33,614][INFO] 开始休眠 1800 s
[2025-02-01 01:02:25,402][INFO] 开始休眠 1800 s
[2025-02-01 01:12:33,734][INFO] 开始休眠 1800 s
[2025-02-01 01:32:25,516][INFO] 开始休眠 1800 s
[2025-02-01 01:42:33,854][INFO] 开始休眠 1800 s
[2025-02-01 02:02:25,634][INFO] 开始休眠 1800 s
[2025-02-01 02:12:33,971][INFO] 开始休眠 1800 s
[2025-02-01 02:32:25,753][INFO] 开始休眠 1800 s
[2025-02-01 02:42:34,090][INFO] 开始休眠 1800 s
[2025-02-01 03:02:25,869][INFO] 开始休眠 1800 s
[2025-02-01 03:12:34,208][INFO] 开始休眠 1800 s
[2025-02-01 03:32:25,986][INFO] 开始休眠 1800 s
[2025-02-01 03:42:34,326][INFO] 开始休眠 1800 s
[2025-02-01 04:02:26,095][INFO] [rank:0] 任务执行完成，开始停止容器
[2025-02-01 04:02:36,408][INFO] [rank:0] 容器[20250131_MLANet_eval_00]停止成功
[2025-02-01 04:02:36,417][INFO] 开始休眠 1800 s
[2025-02-01 04:12:34,439][INFO] 未找到任何 container ,健康检查结束
VLN_ROOT_DIR:/ssd/wangliuyi/code/w61_grutopia/vln
PROJECT_ROOT_PATH:/ssd/wangliuyi/code/w61_grutopia
cfg_file:vln/configs/v2/eval.json
config:{'name': '20250131_MLANet_eval', 'task_type': 'eval', 'ckpt_to_load': 'data/checkpoints/mla/converted/mla_best_ppo_converted.pth', 'eval_cfg_file': 'vln/configs/train/mla_eval.yaml', 'image': 'w61_grutopia:v0.5', 'total_rank': 8, 'retry_list': [], 'flash': False, 'device_map': {'0': ['0'], '1': ['1'], '2': ['2'], '3': ['3'], '4': ['4'], '5': ['5'], '6': ['6'], '7': ['7']}, 'merge_config': {'data_0508': [8, 9, 10, 11, 12, 13, 14, 15]}}
name:20250131_MLANet_eval
device_map:{'0': ['0'], '1': ['1'], '2': ['2'], '3': ['3'], '4': ['4'], '5': ['5'], '6': ['6'], '7': ['7']}
[2025-02-01 04:32:36,526][INFO] 未找到任何 container ,健康检查结束
VLN_ROOT_DIR:/ssd/wangliuyi/code/w61_grutopia/vln
PROJECT_ROOT_PATH:/ssd/wangliuyi/code/w61_grutopia
cfg_file:vln/configs/v2/eval.json
config:{'name': '20250131_MLANet_eval', 'task_type': 'eval', 'ckpt_to_load': 'data/checkpoints/mla/converted/mla_best_ppo_converted.pth', 'eval_cfg_file': 'vln/configs/train/mla_eval.yaml', 'image': 'w61_grutopia:v0.4', 'total_rank': 8, 'retry_list': [], 'flash': True, 'device_map': {'0': ['0'], '1': ['1'], '2': ['2'], '3': ['3'], '4': ['4'], '5': ['5'], '6': ['6'], '7': ['7']}, 'merge_config': {'data_0508': [8, 9, 10, 11, 12, 13, 14, 15]}}
name:20250131_MLANet_eval
device_map:{'0': ['0'], '1': ['1'], '2': ['2'], '3': ['3'], '4': ['4'], '5': ['5'], '6': ['6'], '7': ['7']}
[2025-02-02 14:41:27,699][INFO] 开始休眠 1800 s
[2025-02-02 15:11:27,814][INFO] 开始休眠 1800 s
[2025-02-02 15:41:27,926][INFO] 开始休眠 1800 s
[2025-02-02 16:11:28,041][INFO] 开始休眠 1800 s
[2025-02-02 16:41:28,157][INFO] 开始休眠 1800 s
[2025-02-02 17:11:28,275][INFO] 开始休眠 1800 s
[2025-02-02 17:41:28,398][INFO] 开始休眠 1800 s
[2025-02-02 18:11:28,510][INFO] 开始休眠 1800 s
[2025-02-02 18:41:28,626][INFO] 开始休眠 1800 s
[2025-02-02 19:11:28,742][INFO] 开始休眠 1800 s
[2025-02-02 19:41:28,858][INFO] 开始休眠 1800 s
[2025-02-02 20:11:28,974][INFO] 开始休眠 1800 s
[2025-02-02 20:41:29,088][INFO] 开始休眠 1800 s
[2025-02-02 21:11:29,205][INFO] 开始休眠 1800 s
[2025-02-02 21:41:29,322][INFO] 开始休眠 1800 s
[2025-02-02 22:11:29,436][INFO] 开始休眠 1800 s
[2025-02-02 22:41:29,553][INFO] 开始休眠 1800 s
[2025-02-02 23:11:29,672][INFO] 开始休眠 1800 s
[2025-02-02 23:41:29,792][INFO] 开始休眠 1800 s
[2025-02-03 00:11:29,911][INFO] 开始休眠 1800 s
[2025-02-03 00:41:30,028][INFO] 开始休眠 1800 s
[2025-02-03 01:11:30,146][INFO] 开始休眠 1800 s
[2025-02-03 01:41:30,264][INFO] 开始休眠 1800 s
[2025-02-03 02:11:30,383][INFO] 开始休眠 1800 s
[2025-02-03 02:41:30,508][INFO] 开始休眠 1800 s
[2025-02-03 03:11:30,624][INFO] 开始休眠 1800 s
[2025-02-03 03:41:30,741][INFO] 开始休眠 1800 s
[2025-02-03 04:11:30,857][INFO] 开始休眠 1800 s
[2025-02-03 04:41:30,977][INFO] 开始休眠 1800 s
[2025-02-03 05:11:31,092][INFO] 开始休眠 1800 s
[2025-02-03 05:41:31,211][INFO] 开始休眠 1800 s
[2025-02-03 06:11:31,330][INFO] 开始休眠 1800 s
[2025-02-03 06:41:31,437][INFO] [rank:0] 任务执行完成，开始停止容器
[2025-02-03 06:41:41,735][INFO] [rank:0] 容器[20250202_MLANet_eval_maxInstr100_00]停止成功
[2025-02-03 06:41:41,742][INFO] 开始休眠 1800 s
[2025-02-03 07:11:41,852][INFO] 未找到任何 container ,健康检查结束
VLN_ROOT_DIR:/ssd/wangliuyi/code/w61_grutopia/vln
PROJECT_ROOT_PATH:/ssd/wangliuyi/code/w61_grutopia
cfg_file:vln/configs/v2/eval.json
config:{'name': '20250202_MLANet_eval_maxInstr100', 'task_type': 'eval', 'ckpt_to_load': 'data/checkpoints/mla/converted/mla_best_ppo_converted.pth', 'eval_cfg_file': 'vln/configs/train/mla_eval.yaml', 'image': 'w61_grutopia:v0.5', 'total_rank': 8, 'retry_list': [], 'flash': False, 'device_map': {'0': ['0'], '1': ['1'], '2': ['2'], '3': ['3'], '4': ['4'], '5': ['5'], '6': ['6'], '7': ['7']}, 'merge_config': {'data_0508': [8, 9, 10, 11, 12, 13, 14, 15]}}
name:20250202_MLANet_eval_maxInstr100
device_map:{'0': ['0'], '1': ['1'], '2': ['2'], '3': ['3'], '4': ['4'], '5': ['5'], '6': ['6'], '7': ['7']}
[2025-02-07 15:58:18,030][INFO] 开始休眠 1800 s
[2025-02-07 16:28:18,144][INFO] 开始休眠 1800 s
[2025-02-07 16:58:18,266][INFO] 开始休眠 1800 s
[2025-02-07 17:28:18,382][INFO] 开始休眠 1800 s
[2025-02-07 17:58:18,500][INFO] 开始休眠 1800 s
[2025-02-07 18:28:18,620][INFO] 开始休眠 1800 s
[2025-02-07 18:58:18,737][INFO] 开始休眠 1800 s
[2025-02-07 19:28:18,853][INFO] 开始休眠 1800 s
[2025-02-07 19:58:18,970][INFO] 开始休眠 1800 s
[2025-02-07 20:28:19,091][INFO] 开始休眠 1800 s
[2025-02-07 20:58:19,210][INFO] 开始休眠 1800 s
[2025-02-07 21:28:19,327][INFO] 开始休眠 1800 s
[2025-02-07 21:58:19,447][INFO] 开始休眠 1800 s
[2025-02-07 22:28:19,564][INFO] 开始休眠 1800 s
[2025-02-07 22:58:19,680][INFO] 开始休眠 1800 s
[2025-02-07 23:28:19,800][INFO] 开始休眠 1800 s
[2025-02-07 23:58:19,918][INFO] 开始休眠 1800 s
[2025-02-08 00:28:20,036][INFO] 开始休眠 1800 s
[2025-02-08 00:58:20,155][INFO] 开始休眠 1800 s
[2025-02-08 01:28:20,272][INFO] 开始休眠 1800 s
[2025-02-08 01:58:20,393][INFO] 开始休眠 1800 s
[2025-02-08 02:28:20,509][INFO] 开始休眠 1800 s
[2025-02-08 02:58:20,624][INFO] 开始休眠 1800 s
[2025-02-08 03:28:20,741][INFO] 开始休眠 1800 s
[2025-02-08 03:58:20,857][INFO] 开始休眠 1800 s
[2025-02-08 04:28:20,977][INFO] 开始休眠 1800 s
[2025-02-08 04:58:21,095][INFO] 开始休眠 1800 s
[2025-02-08 05:28:21,214][INFO] 开始休眠 1800 s
[2025-02-08 05:58:21,333][INFO] 开始休眠 1800 s
[2025-02-08 06:28:21,456][INFO] 开始休眠 1800 s
[2025-02-08 06:58:21,575][INFO] 开始休眠 1800 s
[2025-02-08 07:28:21,697][INFO] 开始休眠 1800 s
[2025-02-08 07:58:21,817][INFO] 开始休眠 1800 s
[2025-02-08 08:28:21,937][INFO] 开始休眠 1800 s
[2025-02-08 08:58:22,059][INFO] 开始休眠 1800 s
[2025-02-08 09:28:22,171][INFO] [rank:0] 任务执行完成，开始停止容器
[2025-02-08 09:28:32,437][INFO] [rank:0] 容器[20250207_flash70_controllerEval_00]停止成功
[2025-02-08 09:28:32,447][INFO] 开始休眠 1800 s
[2025-02-08 09:58:32,559][INFO] 未找到任何 container ,健康检查结束
VLN_ROOT_DIR:/ssd/wangliuyi/code/w61_grutopia/vln
PROJECT_ROOT_PATH:/ssd/wangliuyi/code/w61_grutopia
cfg_file:vln/configs/v2/eval.json
config:{'name': '20250207_flash70_controllerEval', 'task_type': 'eval', 'ckpt_to_load': 'data/checkpoints/20250106_cma_pm_train_torchGPU1_bs2_lr2.5e-4_flash/ckpts/ckpt.70.pth', 'eval_cfg_file': 'vln/configs/train/cma_eval.yaml', 'image': 'w61_grutopia:v0.5', 'total_rank': 8, 'retry_list': [], 'flash': False, 'device_map': {'0': ['0'], '1': ['1'], '2': ['2'], '3': ['3'], '4': ['4'], '5': ['5'], '6': ['6'], '7': ['7']}, 'merge_config': {'data_0508': [8, 9, 10, 11, 12, 13, 14, 15]}}
name:20250207_flash70_controllerEval
device_map:{'0': ['0'], '1': ['1'], '2': ['2'], '3': ['3'], '4': ['4'], '5': ['5'], '6': ['6'], '7': ['7']}
[2025-02-08 12:02:08,465][INFO] 开始休眠 1800 s
[2025-02-08 12:13:06,196][INFO] 开始休眠 1800 s
[2025-02-08 12:32:08,577][INFO] 开始休眠 1800 s
[2025-02-08 12:43:06,308][INFO] 开始休眠 1800 s
[2025-02-08 13:02:08,693][INFO] 开始休眠 1800 s
[2025-02-08 13:13:06,422][INFO] 开始休眠 1800 s
[2025-02-08 13:32:08,810][INFO] 开始休眠 1800 s
[2025-02-08 13:43:06,537][INFO] 开始休眠 1800 s
[2025-02-08 14:02:08,928][INFO] 开始休眠 1800 s
[2025-02-08 14:13:06,649][INFO] 开始休眠 1800 s
[2025-02-08 14:32:09,043][INFO] 开始休眠 1800 s
[2025-02-08 14:43:06,766][INFO] 开始休眠 1800 s
[2025-02-08 15:02:09,157][INFO] 开始休眠 1800 s
[2025-02-08 15:13:06,888][INFO] 开始休眠 1800 s
[2025-02-08 15:32:09,270][INFO] 开始休眠 1800 s
